COUPLETS (10, 10) (3, 10)
DIAMONTE (10, 8) (10, 1)
METAPHOR (5, 8) (5, 1)
RHYME (1, 1) (1, 5)
SYLLABLES (9, 9) (1, 9)
